Microchip MPLAB XC8 Compiler V2.50

Linker command line:

-W-3 \
  --edf=C:\Program Files\Microchip\xc8\v2.50\pic\dat\20240725155939_en.msgs \
  -cn -h+dist/default/debug\NOR-FLASH-TEST.X.debug.sym \
  --cmf=dist/default/debug\NOR-FLASH-TEST.X.debug.cmf -z -Q18F26K42 \
  -oC:\Users\tommy\AppData\Local\Temp\xcAshu8.\driver_tmp_3.o \
  --defsym=__MPLAB_BUILD=1 --fixupoverflow=error \
  -Mdist/default/debug/NOR-FLASH-TEST.X.debug.map \
  --md=C:\Users\tommy\AppData\Local\Temp\xcAshu8.\driver_tmp_0.dat -E1 \
  -ver=XC8 Compiler --acfsm=1493 -ACODE=00h-0FFFFh -ACONST=00h-0FFFFh \
  -ASMALLCONST=01000h-010FFhx240 -AMEDIUMCONST=01000h-0FFFFh \
  -ACOMRAM=01h-05Fh -AABS1=00h-0FFFh -ABIGRAM=01h-0FFFh \
  -ARAM=060h-0FFh,0100h-01FFhx15 -ABANK0=060h-0FFh -ABANK1=0100h-01FFh \
  -ABANK2=0200h-02FFh -ABANK3=0300h-03FFh -ABANK4=0400h-04FFh \
  -ABANK5=0500h-05FFh -ABANK6=0600h-06FFh -ABANK7=0700h-07FFh \
  -ABANK8=0800h-08FFh -ABANK9=0900h-09FFh -ABANK10=0A00h-0AFFh \
  -ABANK11=0B00h-0BFFh -ABANK12=0C00h-0CFFh -ABANK13=0D00h-0DFFh \
  -ABANK14=0E00h-0EFFh -ABANK15=0F00h-0FFFh \
  -ASFR=03800h-038FFhx7,03F00h-03F5Fh,03F60h-03FFFh -ABIGSFR=03800h-03FFFh \
  -ACONFIG=0300000h-0300009h -AIDLOC=0200000h-020000Fh \
  -AEEDATA=0310000h-03103FFh -peeprom_data=EEDATA -preset_vec=00h \
  -ppowerup=CODE,init -pramtop=01000h -psmallconst=SMALLCONST \
  -pmediumconst=MEDIUMCONST -pconst=CONST -AFARRAM=00h-00h \
  -prdata=COMRAM,nvrram=COMRAM,nvbit=COMRAM,rbss=COMRAM,rbit=COMRAM \
  -pfarbss=FARRAM,fardata=FARRAM,nvFARRAM=FARRAM \
  -pintsave_regs=BIGRAM,bigbss=BIGRAM,bigdata=BIGRAM -pbss=RAM \
  -pidata=CODE,irdata=CODE,ibigdata=CODE,ifardata=CODE -prparam=COMRAM \
  C:\Users\tommy\AppData\Local\Temp\xcAshu8.\driver_tmp_9.o \
  dist/default/debug\NOR-FLASH-TEST.X.debug.o 

Object code version is 3.11

Machine type is 18F26K42



                Name                               Link     Load   Length Selector   Space Scale
C:\Users\tommy\AppData\Local\Temp\xcAshu8.\driver_tmp_9.o
                config                           300000   300000        A        0       4
                init                               FFFC     FFFC        4     7FFE       0
                reset_vec                             0        0        6        0       0
dist/default/debug\NOR-FLASH-TEST.X.debug.o
                config                           300000   300000        A        0       4
                smallconst                         1000     1000       28      800       0
                text21                             1D28     1D28        A      814       0
                text20                             1CDE     1CDE       12      814       0
                text19                             1CFE     1CFE        C      814       0
                text18                             1D1E     1D1E        A      814       0
                text17                             1D14     1D14        A      814       0
                text16                             1D0A     1D0A        A      814       0
                text15                             1BEE     1BEE       3A      814       0
                text14                             1A14     1A14       6C      814       0
                text13                             1CAE     1CAE       1A      814       0
                text12                             1CC8     1CC8       16      814       0
                text11                             1A80     1A80       6A      814       0
                text10                             1CF0     1CF0        E      814       0
                text9                              18BE     18BE       DA      814       0
                text8                              1998     1998       7C      814       0
                text7                              1D3C     1D3C        8      E9E       0
                text6                              1C5C     1C5C       2E      814       0
                text5                              1BA0     1BA0       4E      814       0
                text4                              1B4E     1B4E       52      814       0
                text3                              1C8A     1C8A       24      814       0
                text2                              1C28     1C28       34      814       0
                text1                              1028     1028      724      814       0
                text0                              174C     174C      172      814       0
                cstackCOMRAM                          1        1       58        1       1
                cstackBANK0                          60       60       63       60       1
                bssBANK1                            100      100      100      100       1
                dataBANK0                            D1       D1        9       60       1
                bssBANK0                             C3       C3        E       60       1
                dataCOMRAM                           5D       5D        2        1       1
                cinit                              1AEA     1AEA       64      814       0
                nvBANK0                              DA       DA        2       60       1
                nvCOMRAM                             59       59        4        1       1
                idataBANK0                         1D32     1D32        9      814       0
                idataCOMRAM                        1D44     1D44        2      E9E       0

TOTAL           Name                               Link     Load   Length     Space
        CLASS   CODE           
                init                               FFFC     FFFC        4         0
                reset_vec                             0        0        6         0
                text21                             1D28     1D28        A         0
                text20                             1CDE     1CDE       12         0
                text19                             1CFE     1CFE        C         0
                text18                             1D1E     1D1E        A         0
                text17                             1D14     1D14        A         0
                text16                             1D0A     1D0A        A         0
                text15                             1BEE     1BEE       3A         0
                text14                             1A14     1A14       6C         0
                text13                             1CAE     1CAE       1A         0
                text12                             1CC8     1CC8       16         0
                text11                             1A80     1A80       6A         0
                text10                             1CF0     1CF0        E         0
                text9                              18BE     18BE       DA         0
                text8                              1998     1998       7C         0
                text7                              1D3C     1D3C        8         0
                text6                              1C5C     1C5C       2E         0
                text5                              1BA0     1BA0       4E         0
                text4                              1B4E     1B4E       52         0
                text3                              1C8A     1C8A       24         0
                text2                              1C28     1C28       34         0
                text1                              1028     1028      724         0
                text0                              174C     174C      172         0
                cinit                              1AEA     1AEA       64         0
                idataBANK0                         1D32     1D32        9         0
                idataCOMRAM                        1D44     1D44        2         0

        CLASS   CONST          

        CLASS   SMALLCONST     
                smallconst                         1000     1000       28         0

        CLASS   MEDIUMCONST    

        CLASS   COMRAM         
                cstackCOMRAM                          1        1       58         1
                dataCOMRAM                           5D       5D        2         1
                nvCOMRAM                             59       59        4         1

        CLASS   ABS1           

        CLASS   BIGRAM         

        CLASS   RAM            

        CLASS   BANK0          
                cstackBANK0                          60       60       63         1
                dataBANK0                            D1       D1        9         1
                bssBANK0                             C3       C3        E         1
                nvBANK0                              DA       DA        2         1

        CLASS   BANK1          
                bssBANK1                            100      100      100         1

        CLASS   BANK2          

        CLASS   BANK3          

        CLASS   BANK4          

        CLASS   BANK5          

        CLASS   BANK6          

        CLASS   BANK7          

        CLASS   BANK8          

        CLASS   BANK9          

        CLASS   BANK10         

        CLASS   BANK11         

        CLASS   BANK12         

        CLASS   BANK13         

        CLASS   BANK14         

        CLASS   BANK15         

        CLASS   SFR            

        CLASS   BIGSFR         

        CLASS   CONFIG         
                config                           300000   300000        A         4

        CLASS   IDLOC          

        CLASS   EEDATA         

        CLASS   FARRAM         

        CLASS   HEAP           

        CLASS   STACK          



SEGMENTS        Name                           Load    Length   Top    Selector   Space  Class

                reset_vec                      000000  000006  000006         0       0  CODE    
                cstackCOMRAM                   000001  00005E  00005F         1       1  COMRAM  
                cstackBANK0                    000060  00007C  0000DC        60       1  BANK0   
                bssBANK1                       000100  000100  000200       100       1  BANK1   
                smallconst                     001000  000028  001028       800       0  SMALLCON
                text1                          001028  000D13  001D3B       814       0  CODE    
                text7                          001D3C  00000A  001D46       E9E       0  CODE    
                init                           00FFFC  000004  010000      7FFE       0  CODE    


UNUSED ADDRESS RANGES

        Name                Unused          Largest block    Delta
        BANK0            0000DC-0000FF               24
        BANK10           000A00-000AFF              100
        BANK11           000B00-000BFF              100
        BANK12           000C00-000CFF              100
        BANK13           000D00-000DFF              100
        BANK14           000E00-000EFF              100
        BANK15           000F00-000FFF              100
        BANK2            000200-0002FF              100
        BANK3            000300-0003FF              100
        BANK4            000400-0004FF              100
        BANK5            000500-0005FF              100
        BANK6            000600-0006FF              100
        BANK7            000700-0007FF              100
        BANK8            000800-0008FF              100
        BANK9            000900-0009FF              100
        BIGRAM           00005F-00005F                1
                         0000DC-0000FF               24
                         000200-000FFF              E00
        BIGSFR           003800-003FFF              800
        CODE             000006-000FFF              FFA
                         001D3B-001D3B                1
                         001D46-00FFFB             E2B6
        COMRAM           00005F-00005F                1
        CONST            000006-000FFF              FFA
                         001D3B-001D3B                1
                         001D46-00FFFB             E2B6
        EEDATA           310000-3103FF              400
        IDLOC            200000-20000F               10
        MEDIUMCONST      001D3B-001D3B                1
                         001D46-00FFFB             E2B6
        RAM              0000DC-0000FF               24
                         000200-000FFF              100
        SFR              003800-003FFF              100
        SMALLCONST       001D3B-001D3B                1
                         001D46-00FFFB              100

                                  Symbol Table

?_wav_getHeader                           cstackCOMRAM 000001
DAC1_SetOutput@inputData                  cstackCOMRAM 000001
INT0_SetInterruptHandler@InterruptHandler cstackCOMRAM 000001
INT1_SetInterruptHandler@InterruptHandler cstackCOMRAM 000001
INT2_SetInterruptHandler@InterruptHandler cstackCOMRAM 000001
SPI1_BufferExchange@bufferData            cstackCOMRAM 000001
SPI1_BufferExchange@bufferInput           cstackCOMRAM 000005
SPI1_BufferExchange@bufferSize            cstackCOMRAM 000003
SPI1_BufferWrite@bufferData               cstackCOMRAM 000001
SPI1_BufferWrite@bufferInput              cstackCOMRAM 000004
SPI1_BufferWrite@bufferSize               cstackCOMRAM 000002
SPI1_Open@spiConfigIndex                  cstackCOMRAM 000003
_ANSELA                                   (abs)        003A40
_ANSELB                                   (abs)        003A50
_ANSELC                                   (abs)        003A60
_CLOCK_Initialize                         text20       001CDE
_DAC1CON0                                 (abs)        003E9E
_DAC1CON1                                 (abs)        003E9C
_DAC1_Initialize                          text19       001CFE
_DAC1_SetOutput                           text21       001D28
_INLVLA                                   (abs)        003A44
_INLVLB                                   (abs)        003A54
_INLVLC                                   (abs)        003A64
_INLVLE                                   (abs)        003A84
_INT0_DefaultInterruptHandler             (abs)        000000
_INT0_InterruptHandler                    nvCOMRAM     00005B
_INT0_SetInterruptHandler                 text18       001D1E
_INT1_DefaultInterruptHandler             (abs)        000000
_INT1_InterruptHandler                    nvCOMRAM     000059
_INT1_SetInterruptHandler                 text17       001D14
_INT2_DefaultInterruptHandler             (abs)        000000
_INT2_InterruptHandler                    nvBANK0      0000DA
_INT2_SetInterruptHandler                 text16       001D0A
_INTCON0bits                              (abs)        003FD2
_INTERRUPT_Initialize                     text15       001BEE
_IOCAF                                    (abs)        003A47
_IOCAN                                    (abs)        003A46
_IOCAP                                    (abs)        003A45
_IOCBF                                    (abs)        003A57
_IOCBN                                    (abs)        003A56
_IOCBP                                    (abs)        003A55
_IOCCF                                    (abs)        003A67
_IOCCN                                    (abs)        003A66
_IOCCP                                    (abs)        003A65
_IOCEF                                    (abs)        003A87
_IOCEN                                    (abs)        003A86
_IOCEP                                    (abs)        003A85
_LATA                                     (abs)        003FBA
_LATAbits                                 (abs)        003FBA
_LATB                                     (abs)        003FBB
_LATC                                     (abs)        003FBC
_LATCbits                                 (abs)        003FBC
_ODCONA                                   (abs)        003A42
_ODCONB                                   (abs)        003A52
_ODCONC                                   (abs)        003A62
_OSCCON1                                  (abs)        0039D9
_OSCCON3                                  (abs)        0039DB
_OSCEN                                    (abs)        0039DD
_OSCFRQ                                   (abs)        0039DF
_OSCTUNE                                  (abs)        0039DE
_PIE2bits                                 (abs)        003992
_PIN_MANAGER_Initialize                   text14       001A14
_PIR1bits                                 (abs)        0039A1
_PIR2bits                                 (abs)        0039A2
_PIR5bits                                 (abs)        0039A5
_PIR7bits                                 (abs)        0039A7
_RB1I2C                                   (abs)        003A5A
_RB2I2C                                   (abs)        003A5B
_RC3I2C                                   (abs)        003A6A
_RC3PPS                                   (abs)        003A13
_RC4I2C                                   (abs)        003A6B
_RC5PPS                                   (abs)        003A15
_SLRCONA                                  (abs)        003A43
_SLRCONB                                  (abs)        003A53
_SLRCONC                                  (abs)        003A63
_SPI1                                     smallconst   001001
_SPI1BAUD                                 (abs)        003D19
_SPI1CLK                                  (abs)        003D1C
_SPI1CON0                                 (abs)        003D14
_SPI1CON0bits                             (abs)        003D14
_SPI1CON1                                 (abs)        003D15
_SPI1CON2                                 (abs)        003D16
_SPI1INTFbits                             (abs)        003D1A
_SPI1RXB                                  (abs)        003D10
_SPI1SCKPPS                               (abs)        003ADE
_SPI1SDIPPS                               (abs)        003ADF
_SPI1STATUSbits                           (abs)        003D17
_SPI1TCNTH                                (abs)        003D13
_SPI1TCNTL                                (abs)        003D12
_SPI1TXB                                  (abs)        003D11
_SPI1_BufferExchange                      text11       001A80
_SPI1_BufferRead                          (abs)        000000
_SPI1_BufferWrite                         text5        001BA0
_SPI1_ByteExchange                        (abs)        000000
_SPI1_ByteRead                            (abs)        000000
_SPI1_ByteWrite                           (abs)        000000
_SPI1_Close                               text10       001CF0
_SPI1_Deinitialize                        (abs)        000000
_SPI1_Initialize                          text13       001CAE
_SPI1_IsRxReady                           (abs)        000000
_SPI1_IsTxReady                           (abs)        000000
_SPI1_Open                                text9        0018BE
_SYSTEM_Initialize                        text12       001CC8
_TRISA                                    (abs)        003FC2
_TRISB                                    (abs)        003FC3
_TRISC                                    (abs)        003FC4
_TRISCbits                                (abs)        003FC4
_WPUA                                     (abs)        003A41
_WPUB                                     (abs)        003A51
_WPUC                                     (abs)        003A61
_WPUE                                     (abs)        003A81
__HRAM                                    (abs)        000000
__H__absolute__                           __absolute__ 000000
__Habs1                                   abs1         000000
__Hbank0                                  bank0        000000
__Hbank1                                  bank1        000000
__Hbank10                                 bank10       000000
__Hbank11                                 bank11       000000
__Hbank12                                 bank12       000000
__Hbank13                                 bank13       000000
__Hbank14                                 bank14       000000
__Hbank15                                 bank15       000000
__Hbank2                                  bank2        000000
__Hbank3                                  bank3        000000
__Hbank4                                  bank4        000000
__Hbank5                                  bank5        000000
__Hbank6                                  bank6        000000
__Hbank7                                  bank7        000000
__Hbank8                                  bank8        000000
__Hbank9                                  bank9        000000
__Hbigbss                                 bigbss       000000
__Hbigdata                                bigdata      000000
__Hbigram                                 bigram       000000
__Hbigsfr                                 bigsfr       000000
__Hbss                                    bss          000000
__HbssBANK0                               bssBANK0     000000
__HbssBANK1                               bssBANK1     000000
__Hcinit                                  cinit        000000
__Hclrtext                                clrtext      000000
__Hcomram                                 comram       000000
__Hconfig                                 config       30000A
__Hconst                                  const        000000
__HcstackBANK0                            cstackBANK0  000000
__HcstackCOMRAM                           cstackCOMRAM 000000
__Hdata                                   data         000000
__HdataBANK0                              dataBANK0    000000
__HdataCOMRAM                             dataCOMRAM   000000
__Heeprom_data                            eeprom_data  000000
__Hfarbss                                 farbss       000000
__Hfardata                                fardata      000000
__Hheap                                   heap         000000
__Hibigdata                               ibigdata     000000
__Hidata                                  idata        000000
__HidataBANK0                             idataBANK0   000000
__HidataCOMRAM                            idataCOMRAM  000000
__Hidloc                                  idloc        000000
__Hifardata                               ifardata     000000
__Hinit                                   init         010000
__Hintsave_regs                           intsave_regs 000000
__Hirdata                                 irdata       000000
__Hmediumconst                            mediumconst  000000
__HnvBANK0                                nvBANK0      000000
__HnvCOMRAM                               nvCOMRAM     000000
__HnvFARRAM                               nvFARRAM     000000
__Hnvbit                                  nvbit        000000
__Hnvrram                                 nvrram       000000
__Hparam                                  rparam       000000
__Hpowerup                                powerup      000000
__Hram                                    ram          000000
__Hramtop                                 ramtop       001000
__Hrbit                                   rbit         000000
__Hrbss                                   rbss         000000
__Hrdata                                  rdata        000000
__Hreset_vec                              reset_vec    000006
__Hrparam                                 rparam       000000
__Hsfr                                    sfr          000000
__Hsmallconst                             smallconst   001028
__Hspace_0                                (abs)        010000
__Hspace_1                                (abs)        000200
__Hspace_2                                (abs)        000000
__Hspace_4                                (abs)        60000A
__Hstack                                  stack        000000
__Hstruct                                 struct       000000
__Htemp                                   temp         000000
__Htext                                   text         000000
__Htext0                                  text0        000000
__Htext1                                  text1        000000
__Htext10                                 text10       000000
__Htext11                                 text11       000000
__Htext12                                 text12       000000
__Htext13                                 text13       000000
__Htext14                                 text14       000000
__Htext15                                 text15       000000
__Htext16                                 text16       000000
__Htext17                                 text17       000000
__Htext18                                 text18       000000
__Htext19                                 text19       000000
__Htext2                                  text2        000000
__Htext20                                 text20       000000
__Htext21                                 text21       000000
__Htext3                                  text3        000000
__Htext4                                  text4        000000
__Htext5                                  text5        000000
__Htext6                                  text6        000000
__Htext7                                  text7        000000
__Htext8                                  text8        000000
__Htext9                                  text9        000000
__LRAM                                    (abs)        000001
__L__absolute__                           __absolute__ 000000
__Labs1                                   abs1         000000
__Lbank0                                  bank0        000000
__Lbank1                                  bank1        000000
__Lbank10                                 bank10       000000
__Lbank11                                 bank11       000000
__Lbank12                                 bank12       000000
__Lbank13                                 bank13       000000
__Lbank14                                 bank14       000000
__Lbank15                                 bank15       000000
__Lbank2                                  bank2        000000
__Lbank3                                  bank3        000000
__Lbank4                                  bank4        000000
__Lbank5                                  bank5        000000
__Lbank6                                  bank6        000000
__Lbank7                                  bank7        000000
__Lbank8                                  bank8        000000
__Lbank9                                  bank9        000000
__Lbigbss                                 bigbss       000000
__Lbigdata                                bigdata      000000
__Lbigram                                 bigram       000000
__Lbigsfr                                 bigsfr       000000
__Lbss                                    bss          000000
__LbssBANK0                               bssBANK0     000000
__LbssBANK1                               bssBANK1     000000
__Lcinit                                  cinit        000000
__Lclrtext                                clrtext      000000
__Lcomram                                 comram       000000
__Lconfig                                 config       000000
__Lconst                                  const        000000
__LcstackBANK0                            cstackBANK0  000000
__LcstackCOMRAM                           cstackCOMRAM 000000
__Ldata                                   data         000000
__LdataBANK0                              dataBANK0    000000
__LdataCOMRAM                             dataCOMRAM   000000
__Leeprom_data                            eeprom_data  000000
__Lfarbss                                 farbss       000000
__Lfardata                                fardata      000000
__Lheap                                   heap         000000
__Libigdata                               ibigdata     000000
__Lidata                                  idata        000000
__LidataBANK0                             idataBANK0   000000
__LidataCOMRAM                            idataCOMRAM  000000
__Lidloc                                  idloc        000000
__Lifardata                               ifardata     000000
__Linit                                   init         00FFFC
__Lintsave_regs                           intsave_regs 000000
__Lirdata                                 irdata       000000
__Lmediumconst                            mediumconst  000000
__LnvBANK0                                nvBANK0      000000
__LnvCOMRAM                               nvCOMRAM     000000
__LnvFARRAM                               nvFARRAM     000000
__Lnvbit                                  nvbit        000000
__Lnvrram                                 nvrram       000000
__Lparam                                  rparam       000000
__Lpowerup                                powerup      000000
__Lram                                    ram          000000
__Lramtop                                 ramtop       001000
__Lrbit                                   rbit         000000
__Lrbss                                   rbss         000000
__Lrdata                                  rdata        000000
__Lreset_vec                              reset_vec    000000
__Lrparam                                 rparam       000000
__Lsfr                                    sfr          000000
__Lsmallconst                             smallconst   001000
__Lspace_0                                (abs)        000000
__Lspace_1                                (abs)        000000
__Lspace_2                                (abs)        000000
__Lspace_4                                (abs)        000000
__Lstack                                  stack        000000
__Lstruct                                 struct       000000
__Ltemp                                   temp         000000
__Ltext                                   text         000000
__Ltext0                                  text0        000000
__Ltext1                                  text1        000000
__Ltext10                                 text10       000000
__Ltext11                                 text11       000000
__Ltext12                                 text12       000000
__Ltext13                                 text13       000000
__Ltext14                                 text14       000000
__Ltext15                                 text15       000000
__Ltext16                                 text16       000000
__Ltext17                                 text17       000000
__Ltext18                                 text18       000000
__Ltext19                                 text19       000000
__Ltext2                                  text2        000000
__Ltext20                                 text20       000000
__Ltext21                                 text21       000000
__Ltext3                                  text3        000000
__Ltext4                                  text4        000000
__Ltext5                                  text5        000000
__Ltext6                                  text6        000000
__Ltext7                                  text7        000000
__Ltext8                                  text8        000000
__Ltext9                                  text9        000000
__S0                                      (abs)        010000
__S1                                      (abs)        000200
__S4                                      (abs)        000000
__S5                                      (abs)        000000
___heap_hi                                (abs)        000000
___heap_lo                                (abs)        000000
___inthi_sp                               stack        000000
___inthi_stack_hi                         stack        000000
___inthi_stack_lo                         stack        000000
___intlo_sp                               stack        000000
___intlo_stack_hi                         stack        000000
___intlo_stack_lo                         stack        000000
___param_bank                             (abs)        000000
___rparam_used                            (abs)        000001
___sp                                     stack        000000
___stack_hi                               stack        000000
___stack_lo                               stack        000000
__accesstop                               (abs)        000060
__activetblptr                            (abs)        000003
__end_of_CLOCK_Initialize                 text20       001CF0
__end_of_DAC1_Initialize                  text19       001D0A
__end_of_DAC1_SetOutput                   text21       001D32
__end_of_INT0_SetInterruptHandler         text18       001D28
__end_of_INT1_SetInterruptHandler         text17       001D1E
__end_of_INT2_SetInterruptHandler         text16       001D14
__end_of_INTERRUPT_Initialize             text15       001C28
__end_of_PIN_MANAGER_Initialize           text14       001A80
__end_of_SPI1                             smallconst   00101D
__end_of_SPI1_BufferExchange              text11       001AEA
__end_of_SPI1_BufferWrite                 text5        001BEE
__end_of_SPI1_Close                       text10       001CFE
__end_of_SPI1_Initialize                  text13       001CC8
__end_of_SPI1_Open                        text9        001998
__end_of_SYSTEM_Initialize                text12       001CDE
__end_of__initialization                  cinit        001B48
__end_of_main                             text0        0018BE
__end_of_spi1_configuration               smallconst   001027
__end_of_w25qxx_FastRead                  text8        001A14
__end_of_w25qxx_FastReadClose             text7        001D44
__end_of_w25qxx_FastReadOpen              text6        001C8A
__end_of_w25qxx_Initialiase               text4        001BA0
__end_of_w25qxx_ReadByteOpen              text3        001CAE
__end_of_w25qxx_ReadID                    text2        001C5C
__end_of_wav_getHeader                    text1        00174C
__initialization                          cinit        001AEA
__mediumconst                             mediumconst  000000
__pbssBANK0                               bssBANK0     0000C3
__pbssBANK1                               bssBANK1     000100
__pcinit                                  cinit        001AEA
__pcstackBANK0                            cstackBANK0  000060
__pcstackCOMRAM                           cstackCOMRAM 000001
__pdataBANK0                              dataBANK0    0000D1
__pdataCOMRAM                             dataCOMRAM   00005D
__pidataBANK0                             idataBANK0   001D32
__pidataCOMRAM                            idataCOMRAM  001D44
__pnvBANK0                                nvBANK0      0000DA
__pnvCOMRAM                               nvCOMRAM     000059
__psmallconst                             smallconst   001000
__ptext0                                  text0        00174C
__ptext1                                  text1        001028
__ptext10                                 text10       001CF0
__ptext11                                 text11       001A80
__ptext12                                 text12       001CC8
__ptext13                                 text13       001CAE
__ptext14                                 text14       001A14
__ptext15                                 text15       001BEE
__ptext16                                 text16       001D0A
__ptext17                                 text17       001D14
__ptext18                                 text18       001D1E
__ptext19                                 text19       001CFE
__ptext2                                  text2        001C28
__ptext20                                 text20       001CDE
__ptext21                                 text21       001D28
__ptext3                                  text3        001C8A
__ptext4                                  text4        001B4E
__ptext5                                  text5        001BA0
__ptext6                                  text6        001C5C
__ptext7                                  text7        001D3C
__ptext8                                  text8        001998
__ptext9                                  text9        0018BE
__ramtop                                  ramtop       001000
__smallconst                              smallconst   001000
_dataBuffer                               bssBANK1     000100
_main                                     text0        00174C
_spi1_configuration                       smallconst   00101D
_w25qxx_FastRead                          text8        001998
_w25qxx_FastReadClose                     text7        001D3C
_w25qxx_FastReadOpen                      text6        001C5C
_w25qxx_Initialiase                       text4        001B4E
_w25qxx_ReadByteOpen                      text3        001C8A
_w25qxx_ReadID                            text2        001C28
_wav_getHeader                            text1        001028
end_of_initialization                     cinit        001B48
intlevel0                                 text         000000
intlevel1                                 text         000000
intlevel2                                 text         000000
intlevel3                                 text         000000
isa$std                                   (abs)        000001
isa$xinst                                 (abs)        000000
main@currentMemoryAddress                 cstackBANK0  000095
main@file1                                cstackBANK0  000099
stackhi                                   (abs)        000000
stacklo                                   (abs)        000000
start                                     init         00FFFC
start_initialization                      cinit        001AEA
w25qxx_FastRead@address                   cstackCOMRAM 000007
w25qxx_FastRead@buffer                    cstackCOMRAM 00000B
w25qxx_FastRead@bufferSize                cstackCOMRAM 00000D
w25qxx_FastReadOpen@address               cstackCOMRAM 000007
w25qxx_FastReadOpen@buffer                cstackCOMRAM 00000B
w25qxx_Initialiase@F15759                 dataCOMRAM   00005D
w25qxx_Initialiase@bufferData             cstackCOMRAM 000006
w25qxx_ReadByteOpen@buffer                cstackCOMRAM 000007
w25qxx_ReadID@F15787                      dataBANK0    0000D6
w25qxx_ReadID@bufferData                  cstackCOMRAM 00000B
wav_getHeader@F15930                      dataBANK0    0000D1
wav_getHeader@buffer                      cstackCOMRAM 000001
wav_getHeader@bufferLength                cstackCOMRAM 000003
wav_getHeader@bufferOffset                cstackCOMRAM 000005
wav_getHeader@byteCounter                 cstackBANK0  000093
wav_getHeader@i                           cstackBANK0  000067
wav_getHeader@newFile                     cstackBANK0  000069
wav_getHeader@riff                        cstackBANK0  000060
wav_getHeader@start                       cstackBANK0  000065


MODULE INFORMATION

Module		Function		Class		Link	Load	Size
mcc_generated_files/system/src/interrupt.c
		_INT0_SetInterruptHandler		CODE           	1D1E	0000	10
		_INT1_SetInterruptHandler		CODE           	1D14	0000	10
		_INT2_SetInterruptHandler		CODE           	1D0A	0000	10
		_INTERRUPT_Initialize		CODE           	1BEE	0000	58

mcc_generated_files/system/src/interrupt.c estimated size: 88

mcc_generated_files/system/src/pins.c
		_PIN_MANAGER_Initialize		CODE           	1A14	0000	108

mcc_generated_files/system/src/pins.c estimated size: 108

mcc_generated_files/dac/src/dac1.c
		_DAC1_SetOutput		CODE           	1D28	0000	10
		_DAC1_Initialize		CODE           	1CFE	0000	12

mcc_generated_files/dac/src/dac1.c estimated size: 22

shared
		_SPI1          		SMALLCONST     	1001	0000	28
		__initialization		CODE           	1AEA	0000	94
		_spi1_configuration		SMALLCONST     	101D	0000	10

shared estimated size: 132

wavDecode.c
		_wav_getHeader 		CODE           	1028	0000	1828

wavDecode.c estimated size: 1828

w25qxx.c
		_w25qxx_Initialiase		CODE           	1B4E	0000	82
		_w25qxx_FastRead		CODE           	1998	0000	124
		_w25qxx_FastReadOpen		CODE           	1C5C	0000	46
		_w25qxx_FastReadClose		CODE           	1D3C	0000	8
		_w25qxx_ReadByteOpen		CODE           	1C8A	0000	36
		_w25qxx_ReadID 		CODE           	1C28	0000	52

w25qxx.c estimated size: 348

mcc_generated_files/system/src/clock.c
		_CLOCK_Initialize		CODE           	1CDE	0000	18

mcc_generated_files/system/src/clock.c estimated size: 18

main.c
		_main          		CODE           	174C	0000	370

main.c estimated size: 370

mcc_generated_files/system/src/system.c
		_SYSTEM_Initialize		CODE           	1CC8	0000	22

mcc_generated_files/system/src/system.c estimated size: 22

mcc_generated_files/spi/src/spi1.c
		_SPI1_BufferExchange		CODE           	1A80	0000	106
		_SPI1_Open     		CODE           	18BE	0000	218
		_SPI1_BufferWrite		CODE           	1BA0	0000	78
		_SPI1_Initialize		CODE           	1CAE	0000	26
		_SPI1_Close    		CODE           	1CF0	0000	14

mcc_generated_files/spi/src/spi1.c estimated size: 442

